095d08f9d326668e6d3b085982079d5a75b366d9f1cf80a0740360a0c605aa24
cb5366c7543fe5579b9c1e04418120104a52785a5b5db3f04d9b7cb88e929084
d53993b39355dc1a0951e79b0be6e6e78a4c9d0041367e8cb47d63e953d6789d
f295b88ee70c8cce3c4f9c6a3399ea3cb59652e9033dfac2ec3a23906b4c60ed
a1b7d2de3ae3f868b5977897c378a067d0cbc030711ef7a59c01ef9280048ec2
676a3446033a88db273b50d0e0f68f5c1f8314661ef8410b779a50c596242223
0f7d344207e67bf34507cb0b55d4cf13ab98d8dbd98b264dfd2f08cd4f850b8f
cf70709b9d07f5b1a25ef3a4cbec5b4bd03a723d07111370aadac4895262e280
0c7ae786b2252d31016e978bbd03c83f99d77f03d09ab997ec3ca7893f389d93
20419add6fe0fec19d27cea6eb5440603e07d8d339a3c3e01c840cd8a48d0eff
1ea43027c84c9e57c157375aeea57126816c7fa49504d8e87e2e8763f4ca9568
e21b93fff0cad58fdabe78ab948df2042b03b8c8b3d2fa306de17b672ea7d390
f30179841e610980608db0f54a6db13c56ede6dea3d7bffef01ef7a9d33f72c3
913d955d3aca3bec55376423738904792f2755f42901930c982d3c52da0d98df
ed72332aeb6151b4d578f1b02436d77a058131c30d61c86a861eec6e740edb2a
b3e97c85a4c19e3d96e39edac2a250bb5c9b16622297f23881a5e442b92b3750
338d3c55daacfd555836ed35f20f3b5927952f2d648a4ae6968f3c233d743e64
17f51c6214f98d6c777b17e6143fb3d528c785614bf45a4ea8ccc7efe32a2aea
791cf8225cdcb59bfd70ef975e9c4e2c375b3353d919097c704242c53151fc26
ea0d98a257410211a766f5272e0036b00b15adccb7dc89e3b35aa3f3e5799632
b1e6f285dd1ede1debd826e6d123cf3fefa81012215d0cd62f87294a91f5d90d
16bd1eff98453dec1032c18edd684419067d2533aedabb3b6eea4aaee0e27a9e
5f12fa0b0ff90e4f7bf1540bb1b8831de769301e8ea7e66bfbff872d6e77b145
8ae05907cc202111647fef19b1d462a48ef0e1a85ae50f575a888ef195628f20
8aac990526ed23d95db816ea020255d834127a06189ae5a34a4d3365ba23a3e4
f943cc092e933d6596ecc22dfca14b9b59c5d02fee8bf3c95720151c57cd3918
26247dd1eebab75527eff233541f3462e3566e3f827530fc9a9c870aefa2b4c2
a0ca10162f34126423b9a5ca32f90abde8c0b428ff916c6639e3663c928b75ad
7a1938e4463f2bcd5d66747d6df43c7c37a05df8544b56df8851b9656b80eb2b
22da537bd413c59caa2efc5d2cb0f23d3a1506c1e2037cdcc787017b22ce111b
ab1f80e6bb757c9103c24ed5f7e74e8fae2814da6e9df5b0d0ec4584e45a3925