fdc07cd322fc2533ceaf8a39219c62e5b9ef63f66e4c0bae8bccf455ea5bfee6
19f0456e2ac567ccb674a4da1d1a579be31557ea9ed75152584986f175785e88
8e781526dec71755cfe5bc2a93f891b61a55a4faff311a2f6e7e9b694cfe9537
40b38e1661716bd7118cba2a0baa60a7e5b6828507ac2635814c95db86b3c264
bcdddda0c0470f6865ddc4cc4bbab92707605c24723b980df2833016453159ab
5a3f656df9ef36529d55ce7d8b724d1602645eb44c605ed82de52d5d44d87bfd
948753669e49b4946b3154cec82dbe6475c1df8e24d068bf62d682e1866d39d3
9651d90c60434cb6a9ec04d00d19d3088b919b38886c7260d63ce6b66ffeca2f
1c4deb8513e857b0fe7db7efeccba987f14b9f7408b0b0294bfe8bd611403bf0
837662a575bdd0803d0bf1d89f8679d05194fb0453a2c234d4d6bd3749cd34b5
db45a339d94c267fe112651376a8dcf65fbb572dbe5b6f0d0c4e3cc4952f9417
94c30b81d190e301d0f1ffe5a0bd8595a1d188833bfdce70830583a3ec8cd31c
0992914168383451c5b9137e84906c13777e04b9b1eea3b41e5c1ad1d9fff771
6fce4fc797fa58bdac26464c9ccc48f9597026e09e5f97f23a1b368ec765cc82
4e92212301d17f8f6b58ec87b5e5ab4851f2e96bc3735aff19a64009869949c2