c21a88bf8ee623a06356bc09924b00a20c7b3ccbf8e2f54c7c3d6cfd6152aa56
fd244098ea5f9d2dea1ffe33d9aaf26a94bbb63a44669a84b10a2e31e91ecefb
f422ec76afdff06f5d47a0d13e6e918a784e807aec313355cca2d957ebda8d4f
9b77f837e889aef151212de0e163e73c703274bfaf239e6594043dbd0ab58a56
4bf050278f0205adf5c70e570cb24ea7f996aa4924ddc9c58bc37cf42e3643af
75989a9a785b039c0d269b9ef9016bb22c10cc422bef90036c5bcdeec5641831
4277e74b186ddb8c3eb1a97f8914ffb265a01020d53182fec6c49b6af0c106c2
ed8a940d9d59502f7d482c5466fd1fbd9e580b6a41215c44c6398547ba5eb286
7f5fdd20f3da35998d71adef549f7e33d00ffac4e14f2691881b9d62a021be0a
bdc545d0086c4d751c524d7643e2444fd12513e45aa04c44740943b452824236
5a3c07e06a0774593fdd29146924c3c5ccfbece36ad1df45bd30e0d828a96c72
ec81546e0c622d4a633556ec8228f966ad2201400bb98789a6114085b1bc936e
d6779e9da391bd49de1c8e7ff7136c25f0e98a354f1a4b1d9e1dfdf3a09da06c
4b131cbf157237d382f63867e480b14508ab5dc91f9187a8a26eec9dad2e074e
8b98392c4072b3a9415d479b7e11884f5a8da247c93c242f078a9e01036f8f8c
d810c533aa1e7bf5841736530ce5249c784653b46428a12f13e46d3cfe164e76
277635da0e6262db008eda197765eeb1da7bff8d6e7a0480cdc38dd81cf3d56b
402bdbe7b6f6730b2c13d3efda015dcb2f2bcdd75e4f7c1fe8a6e8662219e6cc
121fa0acc36d0307a6b4711ed99795a54e0c82e4ab319cd067a2613f0327dc2b
15b2e1b59ad636d866d7cba55d34af5e8b059ce3990523e6aaa70302d250a36d
181f00557e5aac67922cd9d8a6fbe390c3818c1fc82efd7d310211fbf51bea11
2c4f58df447e647274f51925ac4feb7822e00f2f80dc53e0bad8116ea33d3f46
4d0991f0dd226000209e35974d53481d6a3efdd587ecc578c8b1d83d2c2fdf4a
3d963bbf801c7daaf045d702e6e3cb915f33143b00570e8a47a02c10c4362a96
7d2ce9071c9b63b410225b2d7e29e2bbb24b8670fe2da598f3363f56828d785a
875386692d600dea61e9e906a0ef980b3d2dd4fb18e1e4f985a83786e20db385
dffdff701322376d84cb839421da3aa5454c99b29e30484dd2ea7b9fd9aac56e
65a0d998c6b51c2734e8f5251b7e2368317310a41f0c79df55b72c795a81dfa2
674d216221d9f751f0d7d3ef4d830a99731993ed09db9cd785f051d8eb786ae3
bfff1af555e8a04330c7c708c2755094b4a1c7d32aca1ed9df8cf0469feb5f43
83c077ee00ed5075f82b604bdeebf19e2b497d04ca0fba34dfe8d81f63d3fbff
d4c3e229b77cae8927b20135c3d0c336a7a53d081dc79dde0b50fee666542641
d46c6c6bc19495fb09a58126f53475e95c3acbdeeba4875a86ad45aa7ded34c3
f4a6c6d88815afd78598e6ab642820024aacc651dceaaa1bddc18a5c9ede6416
d7387ff0e5715cf9aad2402415cd1c1664b6adb167ac1b7a99ef37ec4016d28c
1e24fca8da93994f5d1564d41d888a92f3cc4428646b57b4f92f4f65a723382a
87eef5daa743fa20fdba9fe60035e38b1367b9c8fa5aafc8fbcd9395427031ff
df0a713f10f678daf4936c9f2412796c50e8fd12dcc8ee61a759cdda9673e189
9043ee388638b3277d0860ae4fe29ae522ac3a2019ff998e79276a2af5af96bb
9ab33a597ac35fe0ed861357001a3b9d44391ccdd39f2e81276ef47309964dc9
95fec94cafe06c57749f2bfffcd85d2a9550429c0032a554d3b82d3ef7888498
35e21fbcf1d84f37329bcae7135de3de051a8f670439276e394936005bb890a0
fa6e2c82502f82c656d9bba317e66b608d3ca4e33b7b2fd6d23fc931db4c95dc
3113cfd0d9511091091a0a8a1d706df5875a9b77f7f1b00a1dafe038953420eb
472f26ae216a34ac5e7b0260c3a5221277c9ed736a69cbe540b34a8a1786d776
3ee538fe22d0b245445d1098e440d13c4c39767188b22e7633cbd6866912a258
eb3c55d00f6ff75947b6b3bd9ca8097c9eea1881b1a3990739466b7437f52de0
c1a0a09a7bcb95d54fc705ac65fef8d29bf6fb3805946c32afb9d117d4fb85b1
e56c082bdab54b48defe8a12a204e01fbb4f67c5927933f2aaf00c2d5708bbe6
d67c3963dd26acb2f92d50f776621e2cfc92b2d8cf15e69c32d6ccfc8cbf8233
f1a2e1b8745aa83ac46953857b856370c4797d8a6f9bdb73f0607c587a129899
e0590ea1f8d945c689fc098f565e7e0edf4ab3effdb848e5c066b77d78738db9
19ccb0374d35ab35bcc0a1bc870be2217a849006b5a146a9274cc3224465b612
2b443332c3609642427642b620fbb190fa11a6160d3e97a0b597b6d3d2d506b6
cb9620353a94100c262c409f5f395c92b4bc6ad5d7d83a3d261d36118cf8a817
229267990521965453f26d49c83eaef0f69275970f224b06b6ec0abadd9173ea
006fdd9ac34d2cb34946be3e8c7cd779292d3e1f36fbb97a3a0f79d4c845e1f5
d48b6f3e54d19e2195a5c9bf2b9f68b35bfdc974220f8739c7802072700655a8
25529cf7f4af19fe3d2ae521948dafabfd15d3e4efd92f02149a21da47ee5316
13091f7a98255c94531022dbfcfa22f48afe84eefb69b33efbb8e41bd85a4dd3
3ca6e8fff84e3266745626ab2ee6fbb070b2733bc2719f3a7d3f23cdedae45ac
d7aefb5665db21d3882154380dacbe7cfd5605694389d95d61faec5f0873d5ef
0aaeb255a395a8adc14ab28a2b5fab7e8510878ef909a74385c640eab3d7ec34
fbaa469227ebc37e6472ed48d27b96e5c854ea5094abe3f3baf1a77d32b8c0e2