8bfbdf08ee534fb8b58902b69a9e00856937199c0ded26e417b9ed00a59c15e3
309f74898cc613f9199baf3f2896a1babb1dd7338272198ae20c20abdc493dcf
661ba09021a7b413838124e6cb8cb2ae0963dda5dd34eecd585dcb9a5c0dd255
c36b114f8bc41a9eedf3d0f73fc7aff189d06d201434f8152d53eeaf16cf1f8a
9c36be2482d229a87ecb98463bd11421983e9531c4b9a1e9062785c4c095796a
95c0f38670894a1f5f4883efe8826c1bd6adbb8dc871feaec2544e9bcf48b8a4
eec94b48c17f167b0684affdb7ae950f89db279dc0584e32abf110a04ab57ba3
28e2bd4b2a9445f81fdd74ba95b349c99ba6f802f2ebeca528c621b259b52b7e
432b9fe3164b92df7004e6679c51eb04a8e717d5f4dae81a5c403c4546ac99f6
869ab6a33f94bab25778d00550fd114145d4d9350e2c326d520fc9c455a1c9eb
c6b778af572f67e2b88a1db04f888da51b56fbba088f9c09cade3d8c84d61643
077faf465be91ef29021a76f73c08e26934e969742685b1d5945bda1a525f18b
bb50c1f04e65fea1870cc699b8aba124b4015ed251a0dc64a3d6c708616d2053
81a61f952291f2ab85dbb0419415e637dee7f929556ef7878efb4ca3e57d700d
0d2d4adc6b04110df3341e85f1943fc2c0777348540c4e0202ce8ffc3a20b259
f294f228bf61facdcea324c188254261dd50e934ce2f561400384e0fa92e88c7
0026204d20e5bc3413eff5746f67ac208e3e8df95fa992f2fd4708a11f846e69
71280959953ee2c4de5afd0a39c54e5e2698aa693f26d8a74a067b76762e9e64
496eec2714b5774d05828a963839ee6c55b8b2fbf81fc45dd71902d4dc360fff
5d1c8f38b25f284b5965523d2f5805db0f9f3fdf52ab00a8b85ba5c9e37c6d2a
d3e2cc7ca09024cff9bed2cf732efbc562b9533b5ed9b89d9368123ff057b79a
e3a7c5942eccfdbefec2095880060947d1aad97da8c191dedc702225e1a390de
4e4190e87793cf77d9f6e7c12e68b25db4df43261ae54497d9cb6dff92f1bb17
7a2f940abf7670ec01fb1006cb1428700f4d13d0a2c5dadc8cb6b68b62dd3f45
38ca06c960ce47de7f0dbf4fa766371da8c8fb614ac8306ece269169f091ebe8
94a6dbaa48e5113074033ae083678ba009d9107c77832fef94a653986ae2e246
91697be2f99f29de18a9d47a3ea9acc85450e8a6f8f47ef8949f7096202a5fb6
d89b0aae77ea1eb51b735d65e538674c97f37a273f9310a5066b897952058533
75bdb3cf75c3b5111f2e5f580d4d6c6340dc7cc9a0465ce99a2501b6bed58030
9781a530dd09cf8067a1b7f9d18a8a4477d9e21a5e7411c48a930cadc3fc0c91
7a74cf90f499ccdb5be0dbb692e14de5c90fe0102e858b106d70b403ac59a457
082ee3eac20d606d492f0c23446f70dcd7ee4990039a2e5e89fe9cc78f23a764
57cbe4aed56a56b36425d5a10cde10478ed329b03c524b73f92f23b902d7a331
20442b0124ac9978330908a309e5bf70ffc9a2e422ae4aeef1022dd7ba443c6e
a5f09e781f845ba43a6c371b868b32656e1662a65e00b6360c1726845482f141
ddfb6fadd1000f514e077d344994b44403c432a52bcebfe38dec20937d6bd968
cfca3b7e3d39e24f2a2d471c5b7c9701835f84b748f6a3cf27753e3b1045df99
9d5286ab2c73ca0ea6f685858a0b9c0b743c6008d14cf7d3d372d03ea4e92e54
c89c0cdceecdb5708ad9f1088fd8e65a702909f49e75803de411f7da449f0df3
353c13ed5dd8c3503059aa23b0c836452b411dcbaf46d5da4c507788faa679b5
4a016b083e83ab43ff0329c35982a0dd98311cb65c1714f5f54e994f2ce9e0be
e4289ba79145f94603e1bdb72c95730d28d16b038d04045c94af520cec28ca2e
d9f6299060de5c1f1d27aab67f7bcda33615262eaf852f2f7d4c57cfebf05e55
5ef51b4a7eeea8ad7630d33ad5b4089e36c55ba5ae7017ccfd0b60df00c9b314
ec4b33f765dac5c48698e2d22f9dddf73fdf1e199f998760bcae9e52e727259a
8f53a3aa0ba1970f9b5167a6116ebe95e2a3dca78c72a5f519bb44f3505d4f17
bdf5c5a1af3e24bea0c5991be1cdf542f7a9e8d68d1e2852be704304cf689f52
dfa5770765e5c3cd3f08b6b550ce6d8bf1ea9547d201cfb65a31c071728e7850
8e4800f42fa195a2768208493f833b8aa37e9769f57a8df24f71d40080d4d13c
7bc70bf9ce7d3839bac81ad2861b4e1e777a3e6fba3b211f94ca78dbc4fe60db
cf8b92a475ca06d4f62182eac70290c3de74e29954811bd42d4a1dbe801d4a08
3de11007b23c8a3e1b37024264635bbbdf522d4d9e056345d8595f579fd64b35
ff0e5f71a3dd82c55b265a28119d461b7bb1525de679e61e549656617dde90e9
1d24f82dc36daf044ddeb31638b6113e4e80b83a3c264886bddda6347c90ec80
e6d020072f3a9416cf07626769c44fa4e3ed5c840656a412d3a686edff25884c
6330fa207fddb0dce524787d8bfc03e7bd45de77088b567a698586abc67170df
06a709803ec32fca5eed1c7eb24394dc7e20c589d0e4e2c21ae25e7447512e5c
4a8477495ff2ca095a3a2b5d753a27cf3cdcbac864963e6311d92ea78be390c0
18787e036636995f42b886ed1bc73c3c1614ac2066efb48cc6bb04ede1e2f23a
ee887446d5644b2e3e446f70364530fe72bde596b0893ee57a281b4a64cf245b
afc24cc0c2fac811b56f7c3df6e6e8371b66494f5eaded64ee48da95afed13d1
20078700ecb308de5020e914f0c8e29ca2b3cecb6db2be1f7ad8045ea985779e
c4a26df023804a118150e8697783d120a1878c348a234bc5927799bbf7ea5f66
f753da0f3e6951f75987806f1305cc12a3ea5b58d5e370c603d9114c39243c66
fda7f60fe46a50f306d583ab7fa0f2b9d940a4cf9147957ec7f7c3ef78ae68b6
7de7a54e7e94143e9989af47353d6b26557addac23d262762b03b71bb6508b86
dc1ea63d44a20b21d890d12fbc6d6232869d31da1981c8e7f0be44340dd0d372
d67faa792f106c188f11f7384860ce78b932962e6596067e2b6a31edf00a0b3a
344422cf8cca4d3fd98ae3b58b3100f9686bd8232dcf97c04ab80c12cf21c0c1
945a0e25918a90fbabb2f35882e832367f51d3d6af9fa0999f3f3ccbbf77b09e
dcf376b5f9d85f9003aff0d2deee47670c780f5bf02491024637d342f8eb677b
c2ec60e9ba2118ace96c2bc8c8333e5e179f10259148623f1daa9c7ed9b3c6a0
fa1d7ed52e85e4b6b456a69feb7fbee4bbce7f6afa12ffdb158060370608bbf0
9ab4e4312f2baad1930c6d702ee5713929459c1b1792a6e86c0963d89cd0391f
890c41064fb49cbaf015f3a0f33e75653fa249c7c8d5ac7c28e75b09c29829cc
11e0a9b11b9e273c1cd68fae9e6fdadf7084a6237c935d53c3bebd9451e78846
6786ce11ae35919bab90bd624fcbc78dc63fc194452cc5d2376c71e3402064c9
5b7e53b7d0c8c8293849b0e73cc6b699f92a225293403e9a944881eca0faf612
e617187878128000bc657f530ea8cec98786de75aa2d9bf5bee9e9faf10782e2
c4fed9640f09192a00df22014bae5c80c1ec40e457680a121c8421ddf9d1805a
58819ad3f631301034fde4b511ff095871d96c9e41dc18bf6632b3a38b579fce
368415ce8d046edf4687ba3fdbec6f6e64e0c70481a4783ebf75eed51345b34b
8aa0a5f5090a9f2dacde66fed064bbbf2d82c5d7548042e7692ddb50e763429c
aa1bb448af39e6021bcfabf3134132919a7fc4a548d4973314f7872bfa27f18e
6bb4632e931825c979ea2d261bbe116859323f4651cd5d6adba0d06ca2b4d802
ca0783a50cf3a51eb9a842181d9c0f37055d228d90e45f7b0f5f30b01d2ec728
64dedd8bdf771b52c6ccf6bb2032d740790da9647782c36b5d22357767bc6c22
dd1d51e2fa57c7ff4656bca3b16888ecc42ca5226a51af7eeca68fb477e0d96d
c1aee6019cde27d3dc1c3bb88f43cab6ccedea5d155290be8b87664f8624a166
aa6fb3e338cce8116c7343e5fdc5cd743a3c7317780658527dfa2e0e8e9895d7
d30f7f874a961193677c01c5093894519d8329136041cc0952c5463a11a12b63
1b12cc2fb80696c532998ae9fcc63ce02d838edef2c61e761f80e3bf2f8fe6b3
2657c74a1deb36b7f779a173d0d19029ff199b7fc219974a875eba6774b56f6f
9d1ae249567d5a6a0bb743158b05784b267f48ece3ee264223b0517b8c2f5d85
62e5297761776bf917ff6736867692d41d0079adf6801c9092932bdc6f4c825d
99831504cb5f19d8a5b04f31b32dd5a03420b5c65fe21cfe83bb277e1459b0d6
ba0e693cb71b3690f7e40e0c5c7230aaba73192071849c1e279cf8f982cc43a7
fec390194088e34135035f35ddc5d92bf5bb962bfec381e1d0b01ee0acb484f1
206fcc246e2f29763c54d6d08a6da28d4d81133222d5f3b255ce21e7165b3942
ee0c556ba2cbab24ba3fa96bb047becba86fd61341d21edc9c061dbcd2677ab1
4585fd31401e420e03c5ad8264a5313887982005eaaba58df2ed14ec2c7bb12d
64cbe484df45b7d30879ab3c602ed8104c419452212ded741ec63e7b84c89544
39a503320788d19f543e1f75dde1ca3dd7c5f353c21416bcf9fe89242d778a54
806cd74750220e96c96de0a197b3fc4bc8c5c0579292839cb7e1fbdf7efe4367
bdee15a9dc4a05f7d86da52c01852757895ed7f38b1101aaafb1642c542cbb06
ed30640d34d58dc26e3c8719d027f1335820f312d3c4d6c600667e1bd540339d
f8f0e55044044e441bb3005e76d0c6e46b3fec699c342c6ae9da97507418e68a
a0dd4829404e6bdbf267f92720e55d40ebca97024241a6ba99df2b36716afecf
43ec015c6e6f3b7c18bc974b4f620a1818702dd77c553c4cc99c5a8adf31371e
a29912fc03b04568f525b48d20b43b421c19a9b2a80e1605b4f88bc174e76af0
41719c826f47c710d952d665ccb06aa21745fa1a59d46a49d803e84734f475fa
ed80a726f02ae6b52c9e870c2396a351b9e1785b698b0081268e8e0871472ec9
241f8b1eb3fa697698892a3ed13512b83706fb6bc1769698e32f21c1940e49e0
6fb71de90315a9b4b2200d709e9a6c3b59c1e7392c77026f0f9ea835658952f2
69c3864227f78db9abd9fa1de8a17d844fa36fde2315c1d2c96474bbce8af7c0
de4fe1593407aec45feb71ebf46d988eb459d1d86f901fdf29b166604c59974c
f33d86ff35b8ad20c357885a93d19ec7bf38aca5797acb5ad3e8c7e38beacad5
d32a23daae1d421aaa944111a30937118287f3738f755c1f656e99e5af276711
3ae396d732d2350d7e164ba50616e6af490fd81efd515d9220cc03e88bdcfa9f
92a6a6dd8fb61acdf6e94d41af8a5f18a6c9aec651e55a4432d37952785b67d4
f295ba2317f799d7ea09c23fa6de9f90926f108c2d7ded47af81aeb236218a8d
b0dfb10e4cf5921811a7ad852bcde5ebe15bb51e9963baefdd19d81ddd900ca4
584d6938ae746f5f0fa79be1e68f05ce89448dc6a20208e6ba4f5df550f3e6e1
422aeb7b9fcb4e2a1be6a2110341e61e11f35b449a34e16caa16c6da47a2e1ad
4fdcc7c36a4276d4ffb534ae8c362c10ffe3d5e7b6578cb49221274857609064
988b600788a7e91a1f890881ac09a75d18291322d328a10fa1841d6d97c42524
8c82f3cf9b1810d683a253f64662cac31bd418233e6bdda60d373ec8577aedbb