54ae6bfecd315523f09d3b8f5a13024ebc8920fcee0a25431b0225e61c272fe1
38e5d504cc5cb3e049e95eafc084a97b123a73a6dc2611e843675c3fd681c79b
d6280baa95c1db8a7b88e6297138d119ae003052bcf7027d07cf5ee781eb2ce2
6add3a800d6567420760104b5906f67ad5e90232ffffe283fb2755d4dcbe89d0
7901980c46ea70b2113a4a23a654939f984eeab592e01107c61c968e1d9c0da9
c9fb29df42f8fabde1d46ce9b7315abf5d8e288575a11914accf97d4922c3cc2
346fe45b8613b2ae0f5bd325cf588bbe8f00c20b16f5d0f139fe55938211d4e9
7731bf168041dc4a039e0fbd012a60bc6f5700cb0f7146dc16b44e25f515365b
c980fed0f83fc2697b78ca792793022286ad4b4097a987caeac0c2359be7c4fb
4f908294e68e1c62d26c4648bc5f698f32a03cd2fb5a3fa5a5e909b962da3f5e
1b06115544a092987271b191f0b622ad6f738ed0d9dabaa4424881ad732e56b5
7769f59e9fa356b5b293e29263174fae3c4ab2353a0a60bcadb598fff7bae21e
63fe9de3e6c8ccd01c663e540adb46cb4c2ff71165f470a41c48c76fcfd36f9d
b44b35f5e97c413be1da3622d3e301b5dd43bae6517d288100cda419a385874b
fe914a647a410e4feb6d29587725751eb37427e19f9ea7c76a726390d9caed8d
6243984f4b03fa530f3ecfa6d795d0f751fcde37b45690436557cd993ef0c893